******************************************************************************
                  MSP430 Linker PC v16.9.4                     
******************************************************************************
>> Linked Tue Oct 24 18:24:23 2017

OUTPUT FILE NAME:   <seks.out>
ENTRY POINT SYMBOL: "_c_int00_noargs_noexit"  address: 0000cf5e


MEMORY CONFIGURATION

         name            origin    length      used     unused   attr    fill
----------------------  --------  ---------  --------  --------  ----  --------
  SFR                   00000000   00000010  00000000  00000010  RWIX
  PERIPHERALS_8BIT      00000010   000000f0  00000000  000000f0  RWIX
  PERIPHERALS_16BIT     00000100   00000100  00000000  00000100  RWIX
  RAM                   00000200   00000200  000001ac  00000054  RWIX
  INFOD                 00001000   00000040  00000000  00000040  RWIX
  INFOC                 00001040   00000040  00000000  00000040  RWIX
  INFOB                 00001080   00000040  00000000  00000040  RWIX
  INFOA                 000010c0   00000040  00000000  00000040  RWIX
  FLASH                 0000c000   00003fde  00001372  00002c6c  RWIX
  BSLSIGNATURE          0000ffde   00000002  00000002  00000000  RWIX  ffff 
  INT00                 0000ffe0   00000002  00000002  00000000  RWIX
  INT01                 0000ffe2   00000002  00000000  00000002  RWIX
  INT02                 0000ffe4   00000002  00000002  00000000  RWIX
  INT03                 0000ffe6   00000002  00000002  00000000  RWIX
  INT04                 0000ffe8   00000002  00000000  00000002  RWIX
  INT05                 0000ffea   00000002  00000002  00000000  RWIX
  INT06                 0000ffec   00000002  00000002  00000000  RWIX
  INT07                 0000ffee   00000002  00000002  00000000  RWIX
  INT08                 0000fff0   00000002  00000002  00000000  RWIX
  INT09                 0000fff2   00000002  00000002  00000000  RWIX
  INT10                 0000fff4   00000002  00000002  00000000  RWIX
  INT11                 0000fff6   00000002  00000002  00000000  RWIX
  INT12                 0000fff8   00000002  00000002  00000000  RWIX
  INT13                 0000fffa   00000002  00000002  00000000  RWIX
  INT14                 0000fffc   00000002  00000002  00000000  RWIX
  RESET                 0000fffe   00000002  00000002  00000000  RWIX


SECTION ALLOCATION MAP

 output                                  attributes/
section   page    origin      length       input sections
--------  ----  ----------  ----------   ----------------
.bss       0    00000200    000000f6     UNINITIALIZED
                  00000200    00000032     (.common:buff)
                  00000232    00000032     (.common:buff1)
                  00000264    00000032     (.common:buff2)
                  00000296    00000010     (.common:ACCEL_XFilter)
                  000002a6    00000010     (.common:ACCEL_YFilter)
                  000002b6    00000010     (.common:ACCEL_ZFilter)
                  000002c6    00000010     (.common:GYRO_XFilter)
                  000002d6    00000010     (.common:GYRO_YFilter)
                  000002e6    00000010     (.common:GYRO_ZFilter)

.data      0    000002f6    00000066     UNINITIALIZED
                  000002f6    00000066     main.obj (.data)

.stack     0    000003b0    00000050     UNINITIALIZED
                  000003b0    00000002     rts430_eabi.lib : boot.obj (.stack)
                  000003b2    0000004e     --HOLE--

.text      0    0000c000    0000108e     
                  0000c000    000002c8     main.obj (.text:Setup_MPU6050)
                  0000c2c8    000001bc     main.obj (.text:main)
                  0000c484    0000012e     main.obj (.text:Filters_Accel)
                  0000c5b2    0000012e     main.obj (.text:Filters_Gyro)
                  0000c6e0    00000116     rts430_eabi.lib : _printfi_min.obj (.text:_setfield)
                  0000c7f6    000000e6                     : _printfi_min.obj (.text:__TI_printfi_minimal)
                  0000c8dc    000000ca                     : _printfi_min.obj (.text:_pproc_diouxp)
                  0000c9a6    00000092     main.obj (.text:WordRead_I2C_USCI)
                  0000ca38    0000007c     rts430_eabi.lib : copy_decompress_lzss.obj (.text:decompress:lzss:__TI_decompress_lzss)
                  0000cab4    0000006e                     : autoinit.obj (.text:_auto_init)
                  0000cb22    0000005c     nokia_5110.obj (.text:LCD_init)
                  0000cb7e    0000005a     rts430_eabi.lib : cpy_tbl.obj (.text:copy_in)
                  0000cbd8    00000058                     : div32u.obj (.text)
                  0000cc30    00000056     main.obj (.text:ByteWrite_I2C_USCI)
                  0000cc86    00000056     main.obj (.text:Get_Gyro_Values)
                  0000ccdc    0000004c     rts430_eabi.lib : lsr16.obj (.text)
                  0000cd28    0000004a     main.obj (.text:Get_Accel_Values)
                  0000cd72    00000046     nokia_5110.obj (.text:LCD_write_byte)
                  0000cdb8    00000040     rts430_eabi.lib : div32s.obj (.text)
                  0000cdf8    00000038     nokia_5110.obj (.text:LCD_write_char)
                  0000ce30    00000038     rts430_eabi.lib : sprintf.obj (.text:sprintf)
                  0000ce68    00000032     main.obj (.text:Init_I2C_USCI)
                  0000ce9a    00000032     nokia_5110.obj (.text:LCD_clear)
                  0000cecc    0000002c     rts430_eabi.lib : lsl16.obj (.text)
                  0000cef8    0000002a     main.obj (.text:_delay_ms)
                  0000cf22    00000020     nokia_5110.obj (.text:LCD_set_XY)
                  0000cf42    0000001c     nokia_5110.obj (.text:LCD_write_english_string)
                  0000cf5e    0000001a     rts430_eabi.lib : boot_special.obj (.text:_c_int00_noargs_noexit)
                  0000cf78    0000001a                     : sprintf.obj (.text:_outs)
                  0000cf92    0000001a                     : memccpy.obj (.text:memccpy)
                  0000cfac    0000001a                     : strcat.obj (.text:strcat)
                  0000cfc6    00000016                     : div16u.obj (.text)
                  0000cfdc    00000014                     : copy_zero_init.obj (.text:decompress:ZI:__TI_zero_init)
                  0000cff0    00000014                     : memset.obj (.text:memset)
                  0000d004    00000014                     : mult16.obj (.text)
                  0000d018    00000012                     : sprintf.obj (.text:_outc)
                  0000d02a    00000012                     : copy_decompress_none.obj (.text:decompress:none:__TI_decompress_none)
                  0000d03c    00000012                     : memcpy.obj (.text:memcpy)
                  0000d04e    00000010                     : epilog.obj (.text)
                  0000d05e    0000000e     main.obj (.text:USCI0RX_ISR)
                  0000d06c    0000000e     rts430_eabi.lib : strlen.obj (.text:strlen)
                  0000d07a    00000008                     : isr_trap.obj (.text:_isr:__TI_ISR_TRAP)
                  0000d082    00000006                     : exit.obj (.text:abort)
                  0000d088    00000004                     : pre_init.obj (.text:_system_pre_init)
                  0000d08c    00000002                     : startup.obj (.text:_system_post_cinit)

.binit     0    0000c000    00000000     

.const     0    0000d08e    000002b8     
                  0000d08e    00000228     nokia_5110.obj (.const:font6x8)
                  0000d2b6    00000040     main.obj (.const:.string)
                  0000d2f6    00000014     main.obj (.const:.string:$P$T2$3)
                  0000d30a    00000014     main.obj (.const:.string:$P$T3$4)
                  0000d31e    00000014     main.obj (.const:.string:$P$T4$5)
                  0000d332    00000014     rts430_eabi.lib : _printfi_min.obj (.const:.string)

.cinit     0    0000d346    0000002c     
                  0000d346    00000019     (.cinit..data.load) [load image, compression = lzss]
                  0000d35f    00000001     --HOLE-- [fill = 0]
                  0000d360    00000006     (__TI_handler_table)
                  0000d366    00000004     (.cinit..bss.load) [load image, compression = zero_init]
                  0000d36a    00000008     (__TI_cinit_table)

.init_array 
*          0    0000c000    00000000     UNINITIALIZED

TRAPINT    0    0000ffe0    00000002     
                  0000ffe0    00000002     rts430_eabi.lib : int00.obj (.int00)

PORT1      0    0000ffe4    00000002     
                  0000ffe4    00000002     rts430_eabi.lib : int02.obj (.int02)

PORT2      0    0000ffe6    00000002     
                  0000ffe6    00000002     rts430_eabi.lib : int03.obj (.int03)

$fill000   0    0000ffde    00000002     
                  0000ffde    00000002     --HOLE-- [fill = ffff]

ADC10      0    0000ffea    00000002     
                  0000ffea    00000002     rts430_eabi.lib : int05.obj (.int05)

USCIAB0TX 
*          0    0000ffec    00000002     
                  0000ffec    00000002     rts430_eabi.lib : int06.obj (.int06)

USCIAB0RX 
*          0    0000ffee    00000002     
                  0000ffee    00000002     main.obj (.int07)

TIMER0_A1 
*          0    0000fff0    00000002     
                  0000fff0    00000002     rts430_eabi.lib : int08.obj (.int08)

TIMER0_A0 
*          0    0000fff2    00000002     
                  0000fff2    00000002     rts430_eabi.lib : int09.obj (.int09)

WDT        0    0000fff4    00000002     
                  0000fff4    00000002     rts430_eabi.lib : int10.obj (.int10)

COMPARATORA 
*          0    0000fff6    00000002     
                  0000fff6    00000002     rts430_eabi.lib : int11.obj (.int11)

TIMER1_A1 
*          0    0000fff8    00000002     
                  0000fff8    00000002     rts430_eabi.lib : int12.obj (.int12)

TIMER1_A0 
*          0    0000fffa    00000002     
                  0000fffa    00000002     rts430_eabi.lib : int13.obj (.int13)

NMI        0    0000fffc    00000002     
                  0000fffc    00000002     rts430_eabi.lib : int14.obj (.int14)

.reset     0    0000fffe    00000002     
                  0000fffe    00000002     rts430_eabi.lib : boot.obj (.reset)

MODULE SUMMARY

       Module                     code   ro data   rw data
       ------                     ----   -------   -------
    .\
       main.obj                   2258   126       348    
       nokia_5110.obj             328    552       0      
    +--+--------------------------+------+---------+---------+
       Total:                     2586   678       348    
                                                          
    C:\ti\ccsv7\tools\compiler\ti-cgt-msp430_16.9.4.LTS\lib\rts430_eabi.lib
       _printfi_min.obj           710    20        0      
       copy_decompress_lzss.obj   124    0         0      
       autoinit.obj               110    0         0      
       sprintf.obj                100    0         0      
       cpy_tbl.obj                90     0         0      
       div32u.obj                 88     0         0      
       lsr16.obj                  76     0         0      
       div32s.obj                 64     0         0      
       lsl16.obj                  44     0         0      
       boot_special.obj           26     0         0      
       memccpy.obj                26     0         0      
       strcat.obj                 26     0         0      
       div16u.obj                 22     0         0      
       copy_zero_init.obj         20     0         0      
       memset.obj                 20     0         0      
       mult16.obj                 20     0         0      
       copy_decompress_none.obj   18     0         0      
       memcpy.obj                 18     0         0      
       epilog.obj                 16     0         0      
       strlen.obj                 14     0         0      
       isr_trap.obj               8      0         0      
       exit.obj                   6      0         0      
       pre_init.obj               4      0         0      
       boot.obj                   0      2         0      
       int00.obj                  0      2         0      
       int02.obj                  0      2         0      
       int03.obj                  0      2         0      
       int05.obj                  0      2         0      
       int06.obj                  0      2         0      
       int08.obj                  0      2         0      
       int09.obj                  0      2         0      
       int10.obj                  0      2         0      
       int11.obj                  0      2         0      
       int12.obj                  0      2         0      
       int13.obj                  0      2         0      
       int14.obj                  0      2         0      
       startup.obj                2      0         0      
    +--+--------------------------+------+---------+---------+
       Total:                     1652   46        0      
                                                          
       Stack:                     0      0         80     
       Linker Generated:          0      43        0      
    +--+--------------------------+------+---------+---------+
       Grand Total:               4238   767       428    


LINKER GENERATED COPY TABLES

__TI_cinit_table @ 0000d36a records: 2, size/record: 4, table size: 8
	.data: load addr=0000d346, load size=00000019 bytes, run addr=000002f6, run size=00000066 bytes, compression=lzss
	.bss: load addr=0000d366, load size=00000004 bytes, run addr=00000200, run size=000000f6 bytes, compression=zero_init


LINKER GENERATED HANDLER TABLE

__TI_handler_table @ 0000d360 records: 3, size/record: 2, table size: 6
	index: 0, handler: __TI_zero_init
	index: 1, handler: __TI_decompress_lzss
	index: 2, handler: __TI_decompress_none


GLOBAL SYMBOLS: SORTED ALPHABETICALLY BY Name 

address   name                    
-------   ----                    
00000320  ACCEL_XA                
00000332  ACCEL_XANGLE            
0000032c  ACCEL_XDECAC            
00000296  ACCEL_XFilter           
00000314  ACCEL_XOUT              
0000031a  ACCEL_XOUT_PAST         
00000326  ACCEL_XV                
00000322  ACCEL_YA                
00000336  ACCEL_YANGLE            
0000032e  ACCEL_YDECAC            
000002a6  ACCEL_YFilter           
00000316  ACCEL_YOUT              
0000031c  ACCEL_YOUT_PAST         
00000328  ACCEL_YV                
00000324  ACCEL_ZA                
0000033a  ACCEL_ZANGLE            
00000330  ACCEL_ZDECAC            
000002b6  ACCEL_ZFilter           
00000318  ACCEL_ZOUT              
0000031e  ACCEL_ZOUT_PAST         
0000032a  ACCEL_ZV                
0000004a  ADC10AE0                
000001b0  ADC10CTL0               
000001b2  ADC10CTL1               
00000048  ADC10DTC0               
00000049  ADC10DTC1               
000001b4  ADC10MEM                
000001bc  ADC10SA                 
00000057  BCSCTL1                 
00000058  BCSCTL2                 
00000053  BCSCTL3                 
0000cc30  ByteWrite_I2C_USCI      
0000d082  C$$EXIT                 
00000059  CACTL1                  
0000005a  CACTL2                  
000010fb  CALBC1_12MHZ            
000010f9  CALBC1_16MHZ            
000010ff  CALBC1_1MHZ             
000010fd  CALBC1_8MHZ             
000010fa  CALDCO_12MHZ            
000010f8  CALDCO_16MHZ            
000010fe  CALDCO_1MHZ             
000010fc  CALDCO_8MHZ             
0000005b  CAPD                    
00000056  DCOCTL                  
0000033e  Decac_X0                
00000342  Decac_X1                
00000346  Decac_Y0                
0000034a  Decac_Y1                
0000034e  Decac_Z0                
00000352  Decac_Z1                
00000128  FCTL1                   
0000012a  FCTL2                   
0000012c  FCTL3                   
0000c484  Filters_Accel           
0000c5b2  Filters_Gyro            
0000030a  GYRO_XANGLE             
000002c6  GYRO_XFilter            
000002f8  GYRO_XOUT               
000002fe  GYRO_XOUT_OFFSET        
00000304  GYRO_XRATE              
0000030c  GYRO_YANGLE             
000002d6  GYRO_YFilter            
000002fa  GYRO_YOUT               
00000300  GYRO_YOUT_OFFSET        
00000306  GYRO_YRATE              
0000030e  GYRO_ZANGLE             
000002e6  GYRO_ZFilter            
000002fc  GYRO_ZOUT               
00000302  GYRO_ZOUT_OFFSET        
00000308  GYRO_ZRATE              
0000cd28  Get_Accel_Values        
0000cc86  Get_Gyro_Values         
00000000  IE1                     
00000001  IE2                     
00000002  IFG1                    
00000003  IFG2                    
0000ce68  Init_I2C_USCI           
0000ce9a  LCD_clear               
0000cb22  LCD_init                
0000cf22  LCD_set_XY              
0000cd72  LCD_write_byte          
0000cdf8  LCD_write_char          
0000cf42  LCD_write_english_string
00000022  P1DIR                   
00000025  P1IE                    
00000024  P1IES                   
00000023  P1IFG                   
00000020  P1IN                    
00000021  P1OUT                   
00000027  P1REN                   
00000026  P1SEL                   
00000041  P1SEL2                  
0000002a  P2DIR                   
0000002d  P2IE                    
0000002c  P2IES                   
0000002b  P2IFG                   
00000028  P2IN                    
00000029  P2OUT                   
0000002f  P2REN                   
0000002e  P2SEL                   
00000042  P2SEL2                  
0000001a  P3DIR                   
00000018  P3IN                    
00000019  P3OUT                   
00000010  P3REN                   
0000001b  P3SEL                   
00000043  P3SEL2                  
0000c000  Setup_MPU6050           
00000172  TA0CCR0                 
00000174  TA0CCR1                 
00000176  TA0CCR2                 
00000162  TA0CCTL0                
00000164  TA0CCTL1                
00000166  TA0CCTL2                
00000160  TA0CTL                  
0000012e  TA0IV                   
00000170  TA0R                    
00000192  TA1CCR0                 
00000194  TA1CCR1                 
00000196  TA1CCR2                 
00000182  TA1CCTL0                
00000184  TA1CCTL1                
00000186  TA1CCTL2                
00000180  TA1CTL                  
0000011e  TA1IV                   
00000190  TA1R                    
000002f6  TEMP_OUT                
000010db  TLV_ADC10_1_LEN         
000010da  TLV_ADC10_1_TAG         
000010c0  TLV_CHECKSUM            
000010f7  TLV_DCO_30_LEN          
000010f6  TLV_DCO_30_TAG          
0000005d  UCA0ABCTL               
00000062  UCA0BR0                 
00000063  UCA0BR1                 
00000060  UCA0CTL0                
00000061  UCA0CTL1                
0000005f  UCA0IRRCTL              
0000005e  UCA0IRTCTL              
00000064  UCA0MCTL                
00000066  UCA0RXBUF               
00000065  UCA0STAT                
00000067  UCA0TXBUF               
0000006a  UCB0BR0                 
0000006b  UCB0BR1                 
00000068  UCB0CTL0                
00000069  UCB0CTL1                
0000006c  UCB0I2CIE               
00000118  UCB0I2COA               
0000011a  UCB0I2CSA               
0000006e  UCB0RXBUF               
0000006d  UCB0STAT                
0000006f  UCB0TXBUF               
0000d05e  USCI0RX_ISR             
00000120  WDTCTL                  
0000c9a6  WordRead_I2C_USCI       
00000400  __STACK_END             
00000050  __STACK_SIZE            
UNDEFED   __TI_BINIT_Base         
UNDEFED   __TI_BINIT_Limit        
0000d36a  __TI_CINIT_Base         
0000d372  __TI_CINIT_Limit        
0000d360  __TI_Handler_Table_Base 
0000d366  __TI_Handler_Table_Limit
UNDEFED   __TI_INITARRAY_Base     
UNDEFED   __TI_INITARRAY_Limit    
0000d07a  __TI_ISR_TRAP           
0000ca38  __TI_decompress_lzss    
0000d02a  __TI_decompress_none    
0000ffe0  __TI_int00              
0000ffe4  __TI_int02              
0000ffe6  __TI_int03              
0000ffea  __TI_int05              
0000ffec  __TI_int06              
0000ffee  __TI_int07              
0000fff0  __TI_int08              
0000fff2  __TI_int09              
0000fff4  __TI_int10              
0000fff6  __TI_int11              
0000fff8  __TI_int12              
0000fffa  __TI_int13              
0000fffc  __TI_int14              
ffffffff  __TI_pprof_out_hndl     
0000c7f6  __TI_printfi_minimal    
ffffffff  __TI_prof_data_size     
ffffffff  __TI_prof_data_start    
0000cfdc  __TI_zero_init          
ffffffff  __c_args__              
0000cdb8  __mspabi_divli          
0000cfc6  __mspabi_divu           
0000cbd8  __mspabi_divul          
0000d05a  __mspabi_func_epilog_1  
0000d058  __mspabi_func_epilog_2  
0000d056  __mspabi_func_epilog_3  
0000d054  __mspabi_func_epilog_4  
0000d052  __mspabi_func_epilog_5  
0000d050  __mspabi_func_epilog_6  
0000d04e  __mspabi_func_epilog_7  
0000d004  __mspabi_mpyi           
0000d004  __mspabi_mpyi_sw        
0000cdb8  __mspabi_remli          
0000cfc6  __mspabi_remu           
0000cbd8  __mspabi_remul          
0000cecc  __mspabi_slli           
0000cef4  __mspabi_slli_1         
0000cee2  __mspabi_slli_10        
0000cee0  __mspabi_slli_11        
0000cede  __mspabi_slli_12        
0000cedc  __mspabi_slli_13        
0000ceda  __mspabi_slli_14        
0000ced8  __mspabi_slli_15        
0000cef2  __mspabi_slli_2         
0000cef0  __mspabi_slli_3         
0000ceee  __mspabi_slli_4         
0000ceec  __mspabi_slli_5         
0000ceea  __mspabi_slli_6         
0000cee8  __mspabi_slli_7         
0000cee6  __mspabi_slli_8         
0000cee4  __mspabi_slli_9         
0000ccdc  __mspabi_srli           
0000cd22  __mspabi_srli_1         
0000ccfe  __mspabi_srli_10        
0000ccfa  __mspabi_srli_11        
0000ccf6  __mspabi_srli_12        
0000ccf2  __mspabi_srli_13        
0000ccee  __mspabi_srli_14        
0000ccea  __mspabi_srli_15        
0000cd1e  __mspabi_srli_2         
0000cd1a  __mspabi_srli_3         
0000cd16  __mspabi_srli_4         
0000cd12  __mspabi_srli_5         
0000cd0e  __mspabi_srli_6         
0000cd0a  __mspabi_srli_7         
0000cd06  __mspabi_srli_8         
0000cd02  __mspabi_srli_9         
0000cab4  _auto_init              
0000cf5e  _c_int00_noargs_noexit  
0000cef8  _delay_ms               
0000fffe  _reset_vector           
000003b0  _stack                  
0000d08c  _system_post_cinit      
0000d088  _system_pre_init        
0000035a  abc                     
0000d082  abort                   
00000200  buff                    
00000232  buff1                   
00000264  buff2                   
0000cb7e  copy_in                 
00000312  dt                      
0000d08e  font6x8                 
00000310  gyro_ratio              
00000358  i                       
0000c2c8  main                    
0000cf92  memccpy                 
0000d03c  memcpy                  
0000cff0  memset                  
0000ce30  sprintf                 
0000cfac  strcat                  
0000d06c  strlen                  
00000356  temp                    


GLOBAL SYMBOLS: SORTED BY Symbol Address 

address   name                    
-------   ----                    
00000000  IE1                     
00000001  IE2                     
00000002  IFG1                    
00000003  IFG2                    
00000010  P3REN                   
00000018  P3IN                    
00000019  P3OUT                   
0000001a  P3DIR                   
0000001b  P3SEL                   
00000020  P1IN                    
00000021  P1OUT                   
00000022  P1DIR                   
00000023  P1IFG                   
00000024  P1IES                   
00000025  P1IE                    
00000026  P1SEL                   
00000027  P1REN                   
00000028  P2IN                    
00000029  P2OUT                   
0000002a  P2DIR                   
0000002b  P2IFG                   
0000002c  P2IES                   
0000002d  P2IE                    
0000002e  P2SEL                   
0000002f  P2REN                   
00000041  P1SEL2                  
00000042  P2SEL2                  
00000043  P3SEL2                  
00000048  ADC10DTC0               
00000049  ADC10DTC1               
0000004a  ADC10AE0                
00000050  __STACK_SIZE            
00000053  BCSCTL3                 
00000056  DCOCTL                  
00000057  BCSCTL1                 
00000058  BCSCTL2                 
00000059  CACTL1                  
0000005a  CACTL2                  
0000005b  CAPD                    
0000005d  UCA0ABCTL               
0000005e  UCA0IRTCTL              
0000005f  UCA0IRRCTL              
00000060  UCA0CTL0                
00000061  UCA0CTL1                
00000062  UCA0BR0                 
00000063  UCA0BR1                 
00000064  UCA0MCTL                
00000065  UCA0STAT                
00000066  UCA0RXBUF               
00000067  UCA0TXBUF               
00000068  UCB0CTL0                
00000069  UCB0CTL1                
0000006a  UCB0BR0                 
0000006b  UCB0BR1                 
0000006c  UCB0I2CIE               
0000006d  UCB0STAT                
0000006e  UCB0RXBUF               
0000006f  UCB0TXBUF               
00000118  UCB0I2COA               
0000011a  UCB0I2CSA               
0000011e  TA1IV                   
00000120  WDTCTL                  
00000128  FCTL1                   
0000012a  FCTL2                   
0000012c  FCTL3                   
0000012e  TA0IV                   
00000160  TA0CTL                  
00000162  TA0CCTL0                
00000164  TA0CCTL1                
00000166  TA0CCTL2                
00000170  TA0R                    
00000172  TA0CCR0                 
00000174  TA0CCR1                 
00000176  TA0CCR2                 
00000180  TA1CTL                  
00000182  TA1CCTL0                
00000184  TA1CCTL1                
00000186  TA1CCTL2                
00000190  TA1R                    
00000192  TA1CCR0                 
00000194  TA1CCR1                 
00000196  TA1CCR2                 
000001b0  ADC10CTL0               
000001b2  ADC10CTL1               
000001b4  ADC10MEM                
000001bc  ADC10SA                 
00000200  buff                    
00000232  buff1                   
00000264  buff2                   
00000296  ACCEL_XFilter           
000002a6  ACCEL_YFilter           
000002b6  ACCEL_ZFilter           
000002c6  GYRO_XFilter            
000002d6  GYRO_YFilter            
000002e6  GYRO_ZFilter            
000002f6  TEMP_OUT                
000002f8  GYRO_XOUT               
000002fa  GYRO_YOUT               
000002fc  GYRO_ZOUT               
000002fe  GYRO_XOUT_OFFSET        
00000300  GYRO_YOUT_OFFSET        
00000302  GYRO_ZOUT_OFFSET        
00000304  GYRO_XRATE              
00000306  GYRO_YRATE              
00000308  GYRO_ZRATE              
0000030a  GYRO_XANGLE             
0000030c  GYRO_YANGLE             
0000030e  GYRO_ZANGLE             
00000310  gyro_ratio              
00000312  dt                      
00000314  ACCEL_XOUT              
00000316  ACCEL_YOUT              
00000318  ACCEL_ZOUT              
0000031a  ACCEL_XOUT_PAST         
0000031c  ACCEL_YOUT_PAST         
0000031e  ACCEL_ZOUT_PAST         
00000320  ACCEL_XA                
00000322  ACCEL_YA                
00000324  ACCEL_ZA                
00000326  ACCEL_XV                
00000328  ACCEL_YV                
0000032a  ACCEL_ZV                
0000032c  ACCEL_XDECAC            
0000032e  ACCEL_YDECAC            
00000330  ACCEL_ZDECAC            
00000332  ACCEL_XANGLE            
00000336  ACCEL_YANGLE            
0000033a  ACCEL_ZANGLE            
0000033e  Decac_X0                
00000342  Decac_X1                
00000346  Decac_Y0                
0000034a  Decac_Y1                
0000034e  Decac_Z0                
00000352  Decac_Z1                
00000356  temp                    
00000358  i                       
0000035a  abc                     
000003b0  _stack                  
00000400  __STACK_END             
000010c0  TLV_CHECKSUM            
000010da  TLV_ADC10_1_TAG         
000010db  TLV_ADC10_1_LEN         
000010f6  TLV_DCO_30_TAG          
000010f7  TLV_DCO_30_LEN          
000010f8  CALDCO_16MHZ            
000010f9  CALBC1_16MHZ            
000010fa  CALDCO_12MHZ            
000010fb  CALBC1_12MHZ            
000010fc  CALDCO_8MHZ             
000010fd  CALBC1_8MHZ             
000010fe  CALDCO_1MHZ             
000010ff  CALBC1_1MHZ             
0000c000  Setup_MPU6050           
0000c2c8  main                    
0000c484  Filters_Accel           
0000c5b2  Filters_Gyro            
0000c7f6  __TI_printfi_minimal    
0000c9a6  WordRead_I2C_USCI       
0000ca38  __TI_decompress_lzss    
0000cab4  _auto_init              
0000cb22  LCD_init                
0000cb7e  copy_in                 
0000cbd8  __mspabi_divul          
0000cbd8  __mspabi_remul          
0000cc30  ByteWrite_I2C_USCI      
0000cc86  Get_Gyro_Values         
0000ccdc  __mspabi_srli           
0000ccea  __mspabi_srli_15        
0000ccee  __mspabi_srli_14        
0000ccf2  __mspabi_srli_13        
0000ccf6  __mspabi_srli_12        
0000ccfa  __mspabi_srli_11        
0000ccfe  __mspabi_srli_10        
0000cd02  __mspabi_srli_9         
0000cd06  __mspabi_srli_8         
0000cd0a  __mspabi_srli_7         
0000cd0e  __mspabi_srli_6         
0000cd12  __mspabi_srli_5         
0000cd16  __mspabi_srli_4         
0000cd1a  __mspabi_srli_3         
0000cd1e  __mspabi_srli_2         
0000cd22  __mspabi_srli_1         
0000cd28  Get_Accel_Values        
0000cd72  LCD_write_byte          
0000cdb8  __mspabi_divli          
0000cdb8  __mspabi_remli          
0000cdf8  LCD_write_char          
0000ce30  sprintf                 
0000ce68  Init_I2C_USCI           
0000ce9a  LCD_clear               
0000cecc  __mspabi_slli           
0000ced8  __mspabi_slli_15        
0000ceda  __mspabi_slli_14        
0000cedc  __mspabi_slli_13        
0000cede  __mspabi_slli_12        
0000cee0  __mspabi_slli_11        
0000cee2  __mspabi_slli_10        
0000cee4  __mspabi_slli_9         
0000cee6  __mspabi_slli_8         
0000cee8  __mspabi_slli_7         
0000ceea  __mspabi_slli_6         
0000ceec  __mspabi_slli_5         
0000ceee  __mspabi_slli_4         
0000cef0  __mspabi_slli_3         
0000cef2  __mspabi_slli_2         
0000cef4  __mspabi_slli_1         
0000cef8  _delay_ms               
0000cf22  LCD_set_XY              
0000cf42  LCD_write_english_string
0000cf5e  _c_int00_noargs_noexit  
0000cf92  memccpy                 
0000cfac  strcat                  
0000cfc6  __mspabi_divu           
0000cfc6  __mspabi_remu           
0000cfdc  __TI_zero_init          
0000cff0  memset                  
0000d004  __mspabi_mpyi           
0000d004  __mspabi_mpyi_sw        
0000d02a  __TI_decompress_none    
0000d03c  memcpy                  
0000d04e  __mspabi_func_epilog_7  
0000d050  __mspabi_func_epilog_6  
0000d052  __mspabi_func_epilog_5  
0000d054  __mspabi_func_epilog_4  
0000d056  __mspabi_func_epilog_3  
0000d058  __mspabi_func_epilog_2  
0000d05a  __mspabi_func_epilog_1  
0000d05e  USCI0RX_ISR             
0000d06c  strlen                  
0000d07a  __TI_ISR_TRAP           
0000d082  C$$EXIT                 
0000d082  abort                   
0000d088  _system_pre_init        
0000d08c  _system_post_cinit      
0000d08e  font6x8                 
0000d360  __TI_Handler_Table_Base 
0000d366  __TI_Handler_Table_Limit
0000d36a  __TI_CINIT_Base         
0000d372  __TI_CINIT_Limit        
0000ffe0  __TI_int00              
0000ffe4  __TI_int02              
0000ffe6  __TI_int03              
0000ffea  __TI_int05              
0000ffec  __TI_int06              
0000ffee  __TI_int07              
0000fff0  __TI_int08              
0000fff2  __TI_int09              
0000fff4  __TI_int10              
0000fff6  __TI_int11              
0000fff8  __TI_int12              
0000fffa  __TI_int13              
0000fffc  __TI_int14              
0000fffe  _reset_vector           
ffffffff  __TI_pprof_out_hndl     
ffffffff  __TI_prof_data_size     
ffffffff  __TI_prof_data_start    
ffffffff  __c_args__              
UNDEFED   __TI_BINIT_Base         
UNDEFED   __TI_BINIT_Limit        
UNDEFED   __TI_INITARRAY_Base     
UNDEFED   __TI_INITARRAY_Limit    

[261 symbols]
